// Jest Snapshot v1, https://goo.gl/fbAQLP

exports[`renders correctly 1`] = `
[
  <View
    accessible={true}
    collapsable={false}
    focusable={true}
    onBlur={[Function]}
    onClick={[Function]}
    onFocus={[Function]}
    onResponderGrant={[Function]}
    onResponderMove={[Function]}
    onResponderRelease={[Function]}
    onResponderTerminate={[Function]}
    onResponderTerminationRequest={[Function]}
    onStartShouldSetResponder={[Function]}
    replaceTheme={[Function]}
    updateTheme={[Function]}
  >
    <View
      style={
        {
          "alignItems": "center",
          "backgroundColor": "#ffffff",
          "borderBottomWidth": 0.5,
          "borderColor": "#bcbbc1",
          "flexDirection": "row",
          "marginBottom": 2,
          "padding": 14,
        }
      }
      testID="RNE__LISTITEM__padView"
    >
      <Text
        accessibilityRole="text"
        style={
          {
            "color": "#242424",
          }
        }
      >
        Property: 
        <Text
          accessibilityRole="text"
          style={
            {
              "color": "#242424",
              "fontWeight": "bold",
            }
          }
        >
          Address
        </Text>
      </Text>
      <View
        style={
          {
            "paddingLeft": 16,
          }
        }
      />
      <View
        collapsable={false}
        style={
          {
            "transform": [
              {
                "rotate": "0deg",
              },
            ],
          }
        }
        testID="RNE__ListItem__Accordion__Icon"
      >
        <Text
          accessibilityRole="text"
          style={
            {
              "color": "#242424",
            }
          }
        >
          chevron-up
        </Text>
      </View>
    </View>
  </View>,
  <View
    collapsable={false}
    style={
      {
        "opacity": 0,
      }
    }
    testID="RNE__ListItem__Accordion__Children"
  >
    <View
      style={
        {
          "marginBottom": 24,
          "marginLeft": 24,
        }
      }
    >
      <View>
        <View
          accessible={true}
          collapsable={false}
          focusable={true}
          onBlur={[Function]}
          onClick={[Function]}
          onFocus={[Function]}
          onResponderGrant={[Function]}
          onResponderMove={[Function]}
          onResponderRelease={[Function]}
          onResponderTerminate={[Function]}
          onResponderTerminationRequest={[Function]}
          onStartShouldSetResponder={[Function]}
          replaceTheme={[Function]}
          updateTheme={[Function]}
        >
          <View
            style={
              {
                "alignItems": "center",
                "backgroundColor": "#ffffff",
                "borderColor": "#bcbbc1",
                "flexDirection": "row",
                "padding": 14,
              }
            }
            testID="RNE__LISTITEM__padView"
          >
            <Text
              accessibilityRole="text"
              style={
                {
                  "color": "#242424",
                }
              }
            >
              Address 1
            </Text>
            <View
              style={
                {
                  "paddingLeft": 16,
                }
              }
            />
            <View
              collapsable={false}
              style={
                {
                  "transform": [
                    {
                      "rotate": "0deg",
                    },
                  ],
                }
              }
              testID="RNE__ListItem__Accordion__Icon"
            >
              <Text
                accessibilityRole="text"
                style={
                  {
                    "color": "#242424",
                  }
                }
              >
                chevron-down
              </Text>
            </View>
          </View>
        </View>
      </View>
    </View>
  </View>,
  <View
    accessible={true}
    collapsable={false}
    focusable={true}
    onBlur={[Function]}
    onClick={[Function]}
    onFocus={[Function]}
    onResponderGrant={[Function]}
    onResponderMove={[Function]}
    onResponderRelease={[Function]}
    onResponderTerminate={[Function]}
    onResponderTerminationRequest={[Function]}
    onStartShouldSetResponder={[Function]}
    replaceTheme={[Function]}
    updateTheme={[Function]}
  >
    <View
      style={
        {
          "alignItems": "center",
          "backgroundColor": "#ffffff",
          "borderBottomWidth": 0.5,
          "borderColor": "#bcbbc1",
          "flexDirection": "row",
          "marginBottom": 2,
          "padding": 14,
        }
      }
      testID="RNE__LISTITEM__padView"
    >
      <Text
        accessibilityRole="text"
        style={
          {
            "color": "#242424",
          }
        }
      >
        Property: 
        <Text
          accessibilityRole="text"
          style={
            {
              "color": "#242424",
              "fontWeight": "bold",
            }
          }
        >
          http://schema.org/gender
        </Text>
      </Text>
      <View
        style={
          {
            "paddingLeft": 16,
          }
        }
      />
      <View
        collapsable={false}
        style={
          {
            "transform": [
              {
                "rotate": "0deg",
              },
            ],
          }
        }
        testID="RNE__ListItem__Accordion__Icon"
      >
        <Text
          accessibilityRole="text"
          style={
            {
              "color": "#242424",
            }
          }
        >
          chevron-up
        </Text>
      </View>
    </View>
  </View>,
  <View
    collapsable={false}
    style={
      {
        "opacity": 0,
      }
    }
    testID="RNE__ListItem__Accordion__Children"
  >
    <View
      style={
        {
          "marginBottom": 24,
          "marginLeft": 24,
        }
      }
    >
      <View>
        <View
          replaceTheme={[Function]}
          updateTheme={[Function]}
        >
          <View
            style={
              {
                "alignItems": "center",
                "backgroundColor": "#ffffff",
                "borderColor": "#bcbbc1",
                "flexDirection": "row",
                "padding": 14,
              }
            }
            testID="RNE__LISTITEM__padView"
          >
            <View
              replaceTheme={[Function]}
              style={
                [
                  {
                    "alignItems": "flex-start",
                    "flex": 1,
                    "justifyContent": "center",
                  },
                  undefined,
                ]
              }
              theme={
                {
                  "colors": {
                    "background": "#ffffff",
                    "black": "#242424",
                    "disabled": "hsl(208, 8%, 90%)",
                    "divider": "#bcbbc1",
                    "error": "#ff190c",
                    "grey0": "#393e42",
                    "grey1": "#43484d",
                    "grey2": "#5e6977",
                    "grey3": "#86939e",
                    "grey4": "#bdc6cf",
                    "grey5": "#e1e8ee",
                    "greyOutline": "#bbb",
                    "platform": {
                      "android": {
                        "error": "#f44336",
                        "grey": "rgba(0, 0, 0, 0.54)",
                        "primary": "#2196f3",
                        "searchBg": "#dcdce1",
                        "secondary": "#9C27B0",
                        "success": "#4caf50",
                        "warning": "#ffeb3b",
                      },
                      "default": {
                        "error": "#ff3b30",
                        "grey": "#7d7d7d",
                        "primary": "#007aff",
                        "searchBg": "#dcdce1",
                        "secondary": "#5856d6",
                        "success": "#4cd964",
                        "warning": "#ffcc00",
                      },
                      "ios": {
                        "error": "#ff3b30",
                        "grey": "#7d7d7d",
                        "primary": "#007aff",
                        "searchBg": "#dcdce1",
                        "secondary": "#5856d6",
                        "success": "#4cd964",
                        "warning": "#ffcc00",
                      },
                      "web": {
                        "error": "#ff190c",
                        "grey": "#393e42",
                        "primary": "#2089dc",
                        "searchBg": "#303337",
                        "secondary": "#ca71eb",
                        "success": "#52c41a",
                        "warning": "#faad14",
                      },
                    },
                    "primary": "#2089dc",
                    "searchBg": "#303337",
                    "secondary": "#ad1457",
                    "success": "#52c41a",
                    "warning": "#faad14",
                    "white": "#ffffff",
                  },
                  "mode": undefined,
                  "spacing": {
                    "lg": 12,
                    "md": 8,
                    "sm": 4,
                    "xl": 24,
                    "xs": 2,
                  },
                }
              }
              updateTheme={[Function]}
            >
              <Text>
                male
              </Text>
            </View>
          </View>
        </View>
      </View>
    </View>
  </View>,
  <View
    accessible={true}
    collapsable={false}
    focusable={true}
    onBlur={[Function]}
    onClick={[Function]}
    onFocus={[Function]}
    onResponderGrant={[Function]}
    onResponderMove={[Function]}
    onResponderRelease={[Function]}
    onResponderTerminate={[Function]}
    onResponderTerminationRequest={[Function]}
    onStartShouldSetResponder={[Function]}
    replaceTheme={[Function]}
    updateTheme={[Function]}
  >
    <View
      style={
        {
          "alignItems": "center",
          "backgroundColor": "#ffffff",
          "borderBottomWidth": 0.5,
          "borderColor": "#bcbbc1",
          "flexDirection": "row",
          "marginBottom": 2,
          "padding": 14,
        }
      }
      testID="RNE__LISTITEM__padView"
    >
      <Text
        accessibilityRole="text"
        style={
          {
            "color": "#242424",
          }
        }
      >
        Property: 
        <Text
          accessibilityRole="text"
          style={
            {
              "color": "#242424",
              "fontWeight": "bold",
            }
          }
        >
          given name
        </Text>
      </Text>
      <View
        style={
          {
            "paddingLeft": 16,
          }
        }
      />
      <View
        collapsable={false}
        style={
          {
            "transform": [
              {
                "rotate": "0deg",
              },
            ],
          }
        }
        testID="RNE__ListItem__Accordion__Icon"
      >
        <Text
          accessibilityRole="text"
          style={
            {
              "color": "#242424",
            }
          }
        >
          chevron-up
        </Text>
      </View>
    </View>
  </View>,
  <View
    collapsable={false}
    style={
      {
        "opacity": 0,
      }
    }
    testID="RNE__ListItem__Accordion__Children"
  >
    <View
      style={
        {
          "marginBottom": 24,
          "marginLeft": 24,
        }
      }
    >
      <View>
        <View
          replaceTheme={[Function]}
          updateTheme={[Function]}
        >
          <View
            style={
              {
                "alignItems": "center",
                "backgroundColor": "#ffffff",
                "borderColor": "#bcbbc1",
                "flexDirection": "row",
                "padding": 14,
              }
            }
            testID="RNE__LISTITEM__padView"
          >
            <View
              replaceTheme={[Function]}
              style={
                [
                  {
                    "alignItems": "flex-start",
                    "flex": 1,
                    "justifyContent": "center",
                  },
                  undefined,
                ]
              }
              theme={
                {
                  "colors": {
                    "background": "#ffffff",
                    "black": "#242424",
                    "disabled": "hsl(208, 8%, 90%)",
                    "divider": "#bcbbc1",
                    "error": "#ff190c",
                    "grey0": "#393e42",
                    "grey1": "#43484d",
                    "grey2": "#5e6977",
                    "grey3": "#86939e",
                    "grey4": "#bdc6cf",
                    "grey5": "#e1e8ee",
                    "greyOutline": "#bbb",
                    "platform": {
                      "android": {
                        "error": "#f44336",
                        "grey": "rgba(0, 0, 0, 0.54)",
                        "primary": "#2196f3",
                        "searchBg": "#dcdce1",
                        "secondary": "#9C27B0",
                        "success": "#4caf50",
                        "warning": "#ffeb3b",
                      },
                      "default": {
                        "error": "#ff3b30",
                        "grey": "#7d7d7d",
                        "primary": "#007aff",
                        "searchBg": "#dcdce1",
                        "secondary": "#5856d6",
                        "success": "#4cd964",
                        "warning": "#ffcc00",
                      },
                      "ios": {
                        "error": "#ff3b30",
                        "grey": "#7d7d7d",
                        "primary": "#007aff",
                        "searchBg": "#dcdce1",
                        "secondary": "#5856d6",
                        "success": "#4cd964",
                        "warning": "#ffcc00",
                      },
                      "web": {
                        "error": "#ff190c",
                        "grey": "#393e42",
                        "primary": "#2089dc",
                        "searchBg": "#303337",
                        "secondary": "#ca71eb",
                        "success": "#52c41a",
                        "warning": "#faad14",
                      },
                    },
                    "primary": "#2089dc",
                    "searchBg": "#303337",
                    "secondary": "#ad1457",
                    "success": "#52c41a",
                    "warning": "#faad14",
                    "white": "#ffffff",
                  },
                  "mode": undefined,
                  "spacing": {
                    "lg": 12,
                    "md": 8,
                    "sm": 4,
                    "xl": 24,
                    "xs": 2,
                  },
                }
              }
              updateTheme={[Function]}
            >
              <Text>
                Minor
              </Text>
            </View>
          </View>
        </View>
      </View>
    </View>
  </View>,
  <View
    accessible={true}
    collapsable={false}
    focusable={true}
    onBlur={[Function]}
    onClick={[Function]}
    onFocus={[Function]}
    onResponderGrant={[Function]}
    onResponderMove={[Function]}
    onResponderRelease={[Function]}
    onResponderTerminate={[Function]}
    onResponderTerminationRequest={[Function]}
    onStartShouldSetResponder={[Function]}
    replaceTheme={[Function]}
    updateTheme={[Function]}
  >
    <View
      style={
        {
          "alignItems": "center",
          "backgroundColor": "#ffffff",
          "borderColor": "#bcbbc1",
          "flexDirection": "row",
          "marginBottom": 2,
          "padding": 14,
        }
      }
      testID="RNE__LISTITEM__padView"
    >
      <Text
        accessibilityRole="text"
        style={
          {
            "color": "#242424",
          }
        }
      >
        Property: 
        <Text
          accessibilityRole="text"
          style={
            {
              "color": "#242424",
              "fontWeight": "bold",
            }
          }
        >
          http://schema.org/birthDate
        </Text>
      </Text>
      <View
        style={
          {
            "paddingLeft": 16,
          }
        }
      />
      <View
        collapsable={false}
        style={
          {
            "transform": [
              {
                "rotate": "0deg",
              },
            ],
          }
        }
        testID="RNE__ListItem__Accordion__Icon"
      >
        <Text
          accessibilityRole="text"
          style={
            {
              "color": "#242424",
            }
          }
        >
          chevron-up
        </Text>
      </View>
    </View>
  </View>,
  <View
    collapsable={false}
    style={
      {
        "opacity": 0,
      }
    }
    testID="RNE__ListItem__Accordion__Children"
  >
    <View
      style={
        {
          "marginBottom": undefined,
          "marginLeft": 24,
        }
      }
    >
      <View>
        <View
          replaceTheme={[Function]}
          updateTheme={[Function]}
        >
          <View
            style={
              {
                "alignItems": "center",
                "backgroundColor": "#ffffff",
                "borderColor": "#bcbbc1",
                "flexDirection": "row",
                "padding": 14,
              }
            }
            testID="RNE__LISTITEM__padView"
          >
            <View
              replaceTheme={[Function]}
              style={
                [
                  {
                    "alignItems": "flex-start",
                    "flex": 1,
                    "justifyContent": "center",
                  },
                  undefined,
                ]
              }
              theme={
                {
                  "colors": {
                    "background": "#ffffff",
                    "black": "#242424",
                    "disabled": "hsl(208, 8%, 90%)",
                    "divider": "#bcbbc1",
                    "error": "#ff190c",
                    "grey0": "#393e42",
                    "grey1": "#43484d",
                    "grey2": "#5e6977",
                    "grey3": "#86939e",
                    "grey4": "#bdc6cf",
                    "grey5": "#e1e8ee",
                    "greyOutline": "#bbb",
                    "platform": {
                      "android": {
                        "error": "#f44336",
                        "grey": "rgba(0, 0, 0, 0.54)",
                        "primary": "#2196f3",
                        "searchBg": "#dcdce1",
                        "secondary": "#9C27B0",
                        "success": "#4caf50",
                        "warning": "#ffeb3b",
                      },
                      "default": {
                        "error": "#ff3b30",
                        "grey": "#7d7d7d",
                        "primary": "#007aff",
                        "searchBg": "#dcdce1",
                        "secondary": "#5856d6",
                        "success": "#4cd964",
                        "warning": "#ffcc00",
                      },
                      "ios": {
                        "error": "#ff3b30",
                        "grey": "#7d7d7d",
                        "primary": "#007aff",
                        "searchBg": "#dcdce1",
                        "secondary": "#5856d6",
                        "success": "#4cd964",
                        "warning": "#ffcc00",
                      },
                      "web": {
                        "error": "#ff190c",
                        "grey": "#393e42",
                        "primary": "#2089dc",
                        "searchBg": "#303337",
                        "secondary": "#ca71eb",
                        "success": "#52c41a",
                        "warning": "#faad14",
                      },
                    },
                    "primary": "#2089dc",
                    "searchBg": "#303337",
                    "secondary": "#ad1457",
                    "success": "#52c41a",
                    "warning": "#faad14",
                    "white": "#ffffff",
                  },
                  "mode": undefined,
                  "spacing": {
                    "lg": 12,
                    "md": 8,
                    "sm": 4,
                    "xl": 24,
                    "xs": 2,
                  },
                }
              }
              updateTheme={[Function]}
            >
              <Text>
                2022-11-19
              </Text>
            </View>
          </View>
        </View>
      </View>
    </View>
  </View>,
]
`;
